// Jest Snapshot v1, https://goo.gl/fbAQLP

exports[`EditSetsWithControls Weight units renders kgs or lbs 1`] = `
Snapshot Diff:
- First value
+ Second value

@@ -132,1 +132,1 @@
-             Weight (kgs)
+             Weight (lb)
@@ -252,1 +252,1 @@
-                 value="90"
+                 value="198.42"
@@ -959,1 +959,1 @@
-               100
+               220.46
@@ -981,1 +981,1 @@
-                 kgs
+                 lb
@@ -1146,1 +1146,1 @@
-               90
+               198.42
@@ -1168,1 +1168,1 @@
-                 kgs
+                 lb
`;
